// Jest Snapshot v1, https://goo.gl/fbAQLP

exports[`Header FileUpload renders 1`] = `
<form
  onSubmit={[Function]}
>
  <input
    accept="image/png, image/jpeg"
    id="file-upload"
    onChange={[Function]}
    type="file"
  />
  <label
    htmlFor="file-upload"
  >
    Upload
  </label>
</form>
`;
